>>> add_integer = __import__('0-add_integer').add_integer
>>> add_integer(5,3)
8
>>> add_integer(4.5, 5.5)
9
>>> add_integer(5)
103
>>> add_integer("5",80)
Traceback (most recent call last):
  File "<stdin>", line 1, in <module>
  File "<stdin>", line 3, in add_integer
TypeError: a must be an integer

>>> add_integer(5,"80") 
Traceback (most recent call last):
  File "<stdin>", line 1, in <module>
  File "<stdin>", line 5, in add_integer
TypeError: b must be an integer
